nohup: ignoring input

======================================================================
Dataset: F1_base | Seed: 0 | Rows: 1200 | Features: 3
======================================================================
Running CatBoost...
Accuracy=0.9751 | F1=0.9751 | Log loss=0.1085 | Time=1.30s
Running RealMLP-TD...
GPU available: True (cuda), used: True
TPU available: False, using: 0 TPU cores
💡 Tip: For seamless cloud logging and experiment tracking, try installing [litlogger](https://pypi.org/project/litlogger/) to enable LitLogger, which logs metrics and artifacts automatically to the Lightning Experiments platform.
LOCAL_RANK: 0 - CUDA_VISIBLE_DEVICES: [0,1,2,3,4,5,6,7]
`Trainer.fit` stopped: `max_epochs=256` reached.
GPU available: True (cuda), used: True
TPU available: False, using: 0 TPU cores
💡 Tip: For seamless cloud logging and experiment tracking, try installing [litlogger](https://pypi.org/project/litlogger/) to enable LitLogger, which logs metrics and artifacts automatically to the Lightning Experiments platform.
LOCAL_RANK: 0 - CUDA_VISIBLE_DEVICES: [0,1,2,3,4,5,6,7]
GPU available: True (cuda), used: True
TPU available: False, using: 0 TPU cores
💡 Tip: For seamless cloud logging and experiment tracking, try installing [litlogger](https://pypi.org/project/litlogger/) to enable LitLogger, which logs metrics and artifacts automatically to the Lightning Experiments platform.
LOCAL_RANK: 0 - CUDA_VISIBLE_DEVICES: [0,1,2,3,4,5,6,7]
Accuracy=0.9801 | F1=0.9801 | Log loss=0.1204 | Time=16.69s
Running TabPFN-v2...
Accuracy=0.9751 | F1=0.9751 | Log loss=0.0855 | Time=4.56s
Running TabPFN-v3...
Warning: You are sending unauthenticated requests to the HF Hub. Please set a HF_TOKEN to enable higher rate limits and faster downloads.
Accuracy=0.9851 | F1=0.9850 | Log loss=0.0624 | Time=14.59s
Running TabICL-v2...
Accuracy=0.9851 | F1=0.9850 | Log loss=0.0691 | Time=1.69s

======================================================================
Dataset: F1_noisy | Seed: 0 | Rows: 1200 | Features: 3
======================================================================
Running CatBoost...
Accuracy=0.8259 | F1=0.8256 | Log loss=0.3953 | Time=1.21s
Running RealMLP-TD...
GPU available: True (cuda), used: True
TPU available: False, using: 0 TPU cores
💡 Tip: For seamless cloud logging and experiment tracking, try installing [litlogger](https://pypi.org/project/litlogger/) to enable LitLogger, which logs metrics and artifacts automatically to the Lightning Experiments platform.
LOCAL_RANK: 0 - CUDA_VISIBLE_DEVICES: [0,1,2,3,4,5,6,7]
`Trainer.fit` stopped: `max_epochs=256` reached.
GPU available: True (cuda), used: True
TPU available: False, using: 0 TPU cores
💡 Tip: For seamless cloud logging and experiment tracking, try installing [litlogger](https://pypi.org/project/litlogger/) to enable LitLogger, which logs metrics and artifacts automatically to the Lightning Experiments platform.
LOCAL_RANK: 0 - CUDA_VISIBLE_DEVICES: [0,1,2,3,4,5,6,7]
GPU available: True (cuda), used: True
TPU available: False, using: 0 TPU cores
💡 Tip: For seamless cloud logging and experiment tracking, try installing [litlogger](https://pypi.org/project/litlogger/) to enable LitLogger, which logs metrics and artifacts automatically to the Lightning Experiments platform.
LOCAL_RANK: 0 - CUDA_VISIBLE_DEVICES: [0,1,2,3,4,5,6,7]
Accuracy=0.8259 | F1=0.8256 | Log loss=0.3809 | Time=15.51s
Running TabPFN-v2...
Accuracy=0.8308 | F1=0.8305 | Log loss=0.3727 | Time=1.63s
Running TabPFN-v3...
Accuracy=0.8308 | F1=0.8305 | Log loss=0.3689 | Time=3.65s
Running TabICL-v2...
Accuracy=0.8358 | F1=0.8356 | Log loss=0.3663 | Time=1.14s

======================================================================
Dataset: F1_irrelevant | Seed: 0 | Rows: 1200 | Features: 18
======================================================================
Running CatBoost...
Accuracy=0.9602 | F1=0.9602 | Log loss=0.1227 | Time=1.47s
Running RealMLP-TD...
GPU available: True (cuda), used: True
TPU available: False, using: 0 TPU cores
💡 Tip: For seamless cloud logging and experiment tracking, try installing [litlogger](https://pypi.org/project/litlogger/) to enable LitLogger, which logs metrics and artifacts automatically to the Lightning Experiments platform.
LOCAL_RANK: 0 - CUDA_VISIBLE_DEVICES: [0,1,2,3,4,5,6,7]
`Trainer.fit` stopped: `max_epochs=256` reached.
GPU available: True (cuda), used: True
TPU available: False, using: 0 TPU cores
💡 Tip: For seamless cloud logging and experiment tracking, try installing [litlogger](https://pypi.org/project/litlogger/) to enable LitLogger, which logs metrics and artifacts automatically to the Lightning Experiments platform.
LOCAL_RANK: 0 - CUDA_VISIBLE_DEVICES: [0,1,2,3,4,5,6,7]
GPU available: True (cuda), used: True
TPU available: False, using: 0 TPU cores
💡 Tip: For seamless cloud logging and experiment tracking, try installing [litlogger](https://pypi.org/project/litlogger/) to enable LitLogger, which logs metrics and artifacts automatically to the Lightning Experiments platform.
LOCAL_RANK: 0 - CUDA_VISIBLE_DEVICES: [0,1,2,3,4,5,6,7]
Accuracy=0.9502 | F1=0.9502 | Log loss=0.1716 | Time=15.16s
Running TabPFN-v2...
Accuracy=0.9751 | F1=0.9751 | Log loss=0.0850 | Time=3.39s
Running TabPFN-v3...
Accuracy=0.9851 | F1=0.9850 | Log loss=0.0663 | Time=3.52s
Running TabICL-v2...
Accuracy=0.9900 | F1=0.9900 | Log loss=0.0757 | Time=1.93s

======================================================================
Dataset: F2_base | Seed: 0 | Rows: 1200 | Features: 4
======================================================================
Running CatBoost...
Accuracy=0.9204 | F1=0.9202 | Log loss=0.2533 | Time=1.18s
Running RealMLP-TD...
GPU available: True (cuda), used: True
TPU available: False, using: 0 TPU cores
💡 Tip: For seamless cloud logging and experiment tracking, try installing [litlogger](https://pypi.org/project/litlogger/) to enable LitLogger, which logs metrics and artifacts automatically to the Lightning Experiments platform.
LOCAL_RANK: 0 - CUDA_VISIBLE_DEVICES: [0,1,2,3,4,5,6,7]
`Trainer.fit` stopped: `max_epochs=256` reached.
GPU available: True (cuda), used: True
TPU available: False, using: 0 TPU cores
💡 Tip: For seamless cloud logging and experiment tracking, try installing [litlogger](https://pypi.org/project/litlogger/) to enable LitLogger, which logs metrics and artifacts automatically to the Lightning Experiments platform.
LOCAL_RANK: 0 - CUDA_VISIBLE_DEVICES: [0,1,2,3,4,5,6,7]
GPU available: True (cuda), used: True
TPU available: False, using: 0 TPU cores
💡 Tip: For seamless cloud logging and experiment tracking, try installing [litlogger](https://pypi.org/project/litlogger/) to enable LitLogger, which logs metrics and artifacts automatically to the Lightning Experiments platform.
LOCAL_RANK: 0 - CUDA_VISIBLE_DEVICES: [0,1,2,3,4,5,6,7]
Accuracy=0.9652 | F1=0.9651 | Log loss=0.1935 | Time=15.82s
Running TabPFN-v2...
Accuracy=0.9602 | F1=0.9601 | Log loss=0.1817 | Time=1.78s
Running TabPFN-v3...
Accuracy=0.9602 | F1=0.9601 | Log loss=0.1636 | Time=3.81s
Running TabICL-v2...
Accuracy=0.9701 | F1=0.9701 | Log loss=0.1627 | Time=1.32s

======================================================================
Dataset: F2_noisy | Seed: 0 | Rows: 1200 | Features: 4
======================================================================
Running CatBoost...
Accuracy=0.8458 | F1=0.8454 | Log loss=0.3458 | Time=1.18s
Running RealMLP-TD...
GPU available: True (cuda), used: True
TPU available: False, using: 0 TPU cores
💡 Tip: For seamless cloud logging and experiment tracking, try installing [litlogger](https://pypi.org/project/litlogger/) to enable LitLogger, which logs metrics and artifacts automatically to the Lightning Experiments platform.
LOCAL_RANK: 0 - CUDA_VISIBLE_DEVICES: [0,1,2,3,4,5,6,7]
`Trainer.fit` stopped: `max_epochs=256` reached.
GPU available: True (cuda), used: True
TPU available: False, using: 0 TPU cores
💡 Tip: For seamless cloud logging and experiment tracking, try installing [litlogger](https://pypi.org/project/litlogger/) to enable LitLogger, which logs metrics and artifacts automatically to the Lightning Experiments platform.
LOCAL_RANK: 0 - CUDA_VISIBLE_DEVICES: [0,1,2,3,4,5,6,7]
GPU available: True (cuda), used: True
TPU available: False, using: 0 TPU cores
💡 Tip: For seamless cloud logging and experiment tracking, try installing [litlogger](https://pypi.org/project/litlogger/) to enable LitLogger, which logs metrics and artifacts automatically to the Lightning Experiments platform.
LOCAL_RANK: 0 - CUDA_VISIBLE_DEVICES: [0,1,2,3,4,5,6,7]
Accuracy=0.8507 | F1=0.8499 | Log loss=0.3601 | Time=14.86s
Running TabPFN-v2...
Accuracy=0.8458 | F1=0.8448 | Log loss=0.3320 | Time=1.66s
Running TabPFN-v3...
Accuracy=0.8408 | F1=0.8396 | Log loss=0.3319 | Time=3.19s
Running TabICL-v2...
Accuracy=0.8458 | F1=0.8448 | Log loss=0.3336 | Time=1.31s

======================================================================
Dataset: F2_irrelevant | Seed: 0 | Rows: 1200 | Features: 19
======================================================================
Running CatBoost...
Accuracy=0.9104 | F1=0.9102 | Log loss=0.2774 | Time=1.54s
Running RealMLP-TD...
GPU available: True (cuda), used: True
TPU available: False, using: 0 TPU cores
💡 Tip: For seamless cloud logging and experiment tracking, try installing [litlogger](https://pypi.org/project/litlogger/) to enable LitLogger, which logs metrics and artifacts automatically to the Lightning Experiments platform.
LOCAL_RANK: 0 - CUDA_VISIBLE_DEVICES: [0,1,2,3,4,5,6,7]
`Trainer.fit` stopped: `max_epochs=256` reached.
GPU available: True (cuda), used: True
TPU available: False, using: 0 TPU cores
💡 Tip: For seamless cloud logging and experiment tracking, try installing [litlogger](https://pypi.org/project/litlogger/) to enable LitLogger, which logs metrics and artifacts automatically to the Lightning Experiments platform.
LOCAL_RANK: 0 - CUDA_VISIBLE_DEVICES: [0,1,2,3,4,5,6,7]
GPU available: True (cuda), used: True
TPU available: False, using: 0 TPU cores
💡 Tip: For seamless cloud logging and experiment tracking, try installing [litlogger](https://pypi.org/project/litlogger/) to enable LitLogger, which logs metrics and artifacts automatically to the Lightning Experiments platform.
LOCAL_RANK: 0 - CUDA_VISIBLE_DEVICES: [0,1,2,3,4,5,6,7]
Accuracy=0.8856 | F1=0.8848 | Log loss=0.2756 | Time=14.98s
Running TabPFN-v2...
Accuracy=0.9552 | F1=0.9551 | Log loss=0.1805 | Time=3.43s
Running TabPFN-v3...
Accuracy=0.9602 | F1=0.9601 | Log loss=0.1658 | Time=3.54s
Running TabICL-v2...
Accuracy=0.9652 | F1=0.9651 | Log loss=0.1670 | Time=1.52s

======================================================================
Dataset: R1_base | Seed: 0 | Rows: 1200 | Features: 24
======================================================================
Running CatBoost...
Accuracy=0.9204 | F1=0.8987 | Log loss=0.2488 | Time=1.57s
Running RealMLP-TD...
GPU available: True (cuda), used: True
TPU available: False, using: 0 TPU cores
💡 Tip: For seamless cloud logging and experiment tracking, try installing [litlogger](https://pypi.org/project/litlogger/) to enable LitLogger, which logs metrics and artifacts automatically to the Lightning Experiments platform.
LOCAL_RANK: 0 - CUDA_VISIBLE_DEVICES: [0,1,2,3,4,5,6,7]
`Trainer.fit` stopped: `max_epochs=256` reached.
GPU available: True (cuda), used: True
TPU available: False, using: 0 TPU cores
💡 Tip: For seamless cloud logging and experiment tracking, try installing [litlogger](https://pypi.org/project/litlogger/) to enable LitLogger, which logs metrics and artifacts automatically to the Lightning Experiments platform.
LOCAL_RANK: 0 - CUDA_VISIBLE_DEVICES: [0,1,2,3,4,5,6,7]
GPU available: True (cuda), used: True
TPU available: False, using: 0 TPU cores
💡 Tip: For seamless cloud logging and experiment tracking, try installing [litlogger](https://pypi.org/project/litlogger/) to enable LitLogger, which logs metrics and artifacts automatically to the Lightning Experiments platform.
LOCAL_RANK: 0 - CUDA_VISIBLE_DEVICES: [0,1,2,3,4,5,6,7]
Accuracy=0.8806 | F1=0.8498 | Log loss=0.2824 | Time=14.89s
Running TabPFN-v2...
Accuracy=0.9403 | F1=0.9222 | Log loss=0.2432 | Time=3.99s
Running TabPFN-v3...
Accuracy=0.9552 | F1=0.9427 | Log loss=0.2281 | Time=3.52s
Running TabICL-v2...
Accuracy=0.9502 | F1=0.9359 | Log loss=0.2352 | Time=1.69s

======================================================================
Dataset: R1_noisy | Seed: 0 | Rows: 1200 | Features: 24
======================================================================
Running CatBoost...
Accuracy=0.8806 | F1=0.8443 | Log loss=0.2804 | Time=1.54s
Running RealMLP-TD...
GPU available: True (cuda), used: True
TPU available: False, using: 0 TPU cores
💡 Tip: For seamless cloud logging and experiment tracking, try installing [litlogger](https://pypi.org/project/litlogger/) to enable LitLogger, which logs metrics and artifacts automatically to the Lightning Experiments platform.
LOCAL_RANK: 0 - CUDA_VISIBLE_DEVICES: [0,1,2,3,4,5,6,7]
`Trainer.fit` stopped: `max_epochs=256` reached.
GPU available: True (cuda), used: True
TPU available: False, using: 0 TPU cores
💡 Tip: For seamless cloud logging and experiment tracking, try installing [litlogger](https://pypi.org/project/litlogger/) to enable LitLogger, which logs metrics and artifacts automatically to the Lightning Experiments platform.
LOCAL_RANK: 0 - CUDA_VISIBLE_DEVICES: [0,1,2,3,4,5,6,7]
GPU available: True (cuda), used: True
TPU available: False, using: 0 TPU cores
💡 Tip: For seamless cloud logging and experiment tracking, try installing [litlogger](https://pypi.org/project/litlogger/) to enable LitLogger, which logs metrics and artifacts automatically to the Lightning Experiments platform.
LOCAL_RANK: 0 - CUDA_VISIBLE_DEVICES: [0,1,2,3,4,5,6,7]
Accuracy=0.8856 | F1=0.8518 | Log loss=0.2871 | Time=16.01s
Running TabPFN-v2...
Accuracy=0.9104 | F1=0.8847 | Log loss=0.2569 | Time=4.59s
Running TabPFN-v3...
Accuracy=0.9254 | F1=0.9045 | Log loss=0.2341 | Time=3.81s
Running TabICL-v2...
Accuracy=0.9055 | F1=0.8790 | Log loss=0.2400 | Time=1.94s

======================================================================
Dataset: R1_imbalanced | Seed: 0 | Rows: 971 | Features: 24
======================================================================
Running CatBoost...
Accuracy=0.9383 | F1=0.7562 | Log loss=0.1440 | Time=1.52s
Running RealMLP-TD...
GPU available: True (cuda), used: True
TPU available: False, using: 0 TPU cores
💡 Tip: For seamless cloud logging and experiment tracking, try installing [litlogger](https://pypi.org/project/litlogger/) to enable LitLogger, which logs metrics and artifacts automatically to the Lightning Experiments platform.
LOCAL_RANK: 0 - CUDA_VISIBLE_DEVICES: [0,1,2,3,4,5,6,7]
`Trainer.fit` stopped: `max_epochs=256` reached.
GPU available: True (cuda), used: True
TPU available: False, using: 0 TPU cores
💡 Tip: For seamless cloud logging and experiment tracking, try installing [litlogger](https://pypi.org/project/litlogger/) to enable LitLogger, which logs metrics and artifacts automatically to the Lightning Experiments platform.
LOCAL_RANK: 0 - CUDA_VISIBLE_DEVICES: [0,1,2,3,4,5,6,7]
GPU available: True (cuda), used: True
TPU available: False, using: 0 TPU cores
💡 Tip: For seamless cloud logging and experiment tracking, try installing [litlogger](https://pypi.org/project/litlogger/) to enable LitLogger, which logs metrics and artifacts automatically to the Lightning Experiments platform.
LOCAL_RANK: 0 - CUDA_VISIBLE_DEVICES: [0,1,2,3,4,5,6,7]
Accuracy=0.9568 | F1=0.8674 | Log loss=0.1635 | Time=10.70s
Running TabPFN-v2...
Accuracy=0.9691 | F1=0.8990 | Log loss=0.0770 | Time=3.29s
Running TabPFN-v3...
Accuracy=0.9815 | F1=0.9465 | Log loss=0.0566 | Time=3.24s
Running TabICL-v2...
Accuracy=0.9815 | F1=0.9465 | Log loss=0.0555 | Time=1.85s

======================================================================
Dataset: R2_base | Seed: 0 | Rows: 1200 | Features: 105
======================================================================
Running CatBoost...
Accuracy=0.8010 | F1=0.6460 | Log loss=0.4560 | Time=3.41s
Running RealMLP-TD...
GPU available: True (cuda), used: True
TPU available: False, using: 0 TPU cores
💡 Tip: For seamless cloud logging and experiment tracking, try installing [litlogger](https://pypi.org/project/litlogger/) to enable LitLogger, which logs metrics and artifacts automatically to the Lightning Experiments platform.
LOCAL_RANK: 0 - CUDA_VISIBLE_DEVICES: [0,1,2,3,4,5,6,7]
`Trainer.fit` stopped: `max_epochs=256` reached.
GPU available: True (cuda), used: True
TPU available: False, using: 0 TPU cores
💡 Tip: For seamless cloud logging and experiment tracking, try installing [litlogger](https://pypi.org/project/litlogger/) to enable LitLogger, which logs metrics and artifacts automatically to the Lightning Experiments platform.
LOCAL_RANK: 0 - CUDA_VISIBLE_DEVICES: [0,1,2,3,4,5,6,7]
GPU available: True (cuda), used: True
TPU available: False, using: 0 TPU cores
💡 Tip: For seamless cloud logging and experiment tracking, try installing [litlogger](https://pypi.org/project/litlogger/) to enable LitLogger, which logs metrics and artifacts automatically to the Lightning Experiments platform.
LOCAL_RANK: 0 - CUDA_VISIBLE_DEVICES: [0,1,2,3,4,5,6,7]
Accuracy=0.7512 | F1=0.6476 | Log loss=0.5512 | Time=15.11s
Running TabPFN-v2...
Accuracy=0.7214 | F1=0.6053 | Log loss=0.4999 | Time=15.79s
Running TabPFN-v3...
Accuracy=0.7114 | F1=0.5973 | Log loss=0.4778 | Time=4.60s
Running TabICL-v2...
Accuracy=0.8706 | F1=0.8221 | Log loss=0.3480 | Time=10.45s

======================================================================
Dataset: R2_noisy | Seed: 0 | Rows: 1200 | Features: 105
======================================================================
Running CatBoost...
Accuracy=0.7562 | F1=0.5504 | Log loss=0.4831 | Time=3.45s
Running RealMLP-TD...
GPU available: True (cuda), used: True
TPU available: False, using: 0 TPU cores
💡 Tip: For seamless cloud logging and experiment tracking, try installing [litlogger](https://pypi.org/project/litlogger/) to enable LitLogger, which logs metrics and artifacts automatically to the Lightning Experiments platform.
LOCAL_RANK: 0 - CUDA_VISIBLE_DEVICES: [0,1,2,3,4,5,6,7]
`Trainer.fit` stopped: `max_epochs=256` reached.
GPU available: True (cuda), used: True
TPU available: False, using: 0 TPU cores
💡 Tip: For seamless cloud logging and experiment tracking, try installing [litlogger](https://pypi.org/project/litlogger/) to enable LitLogger, which logs metrics and artifacts automatically to the Lightning Experiments platform.
LOCAL_RANK: 0 - CUDA_VISIBLE_DEVICES: [0,1,2,3,4,5,6,7]
GPU available: True (cuda), used: True
TPU available: False, using: 0 TPU cores
💡 Tip: For seamless cloud logging and experiment tracking, try installing [litlogger](https://pypi.org/project/litlogger/) to enable LitLogger, which logs metrics and artifacts automatically to the Lightning Experiments platform.
LOCAL_RANK: 0 - CUDA_VISIBLE_DEVICES: [0,1,2,3,4,5,6,7]
Accuracy=0.7313 | F1=0.5221 | Log loss=0.5666 | Time=15.75s
Running TabPFN-v2...
Accuracy=0.7164 | F1=0.5594 | Log loss=0.5053 | Time=19.49s
Running TabPFN-v3...
Accuracy=0.7164 | F1=0.5673 | Log loss=0.4954 | Time=4.25s
Running TabICL-v2...
Accuracy=0.8358 | F1=0.7726 | Log loss=0.3914 | Time=10.40s

======================================================================
Dataset: R2_imbalanced | Seed: 0 | Rows: 985 | Features: 105
======================================================================
Running CatBoost...
Accuracy=0.9030 | F1=0.4745 | Log loss=0.2752 | Time=3.41s
Running RealMLP-TD...
GPU available: True (cuda), used: True
TPU available: False, using: 0 TPU cores
💡 Tip: For seamless cloud logging and experiment tracking, try installing [litlogger](https://pypi.org/project/litlogger/) to enable LitLogger, which logs metrics and artifacts automatically to the Lightning Experiments platform.
LOCAL_RANK: 0 - CUDA_VISIBLE_DEVICES: [0,1,2,3,4,5,6,7]
`Trainer.fit` stopped: `max_epochs=256` reached.
GPU available: True (cuda), used: True
TPU available: False, using: 0 TPU cores
💡 Tip: For seamless cloud logging and experiment tracking, try installing [litlogger](https://pypi.org/project/litlogger/) to enable LitLogger, which logs metrics and artifacts automatically to the Lightning Experiments platform.
LOCAL_RANK: 0 - CUDA_VISIBLE_DEVICES: [0,1,2,3,4,5,6,7]
GPU available: True (cuda), used: True
TPU available: False, using: 0 TPU cores
💡 Tip: For seamless cloud logging and experiment tracking, try installing [litlogger](https://pypi.org/project/litlogger/) to enable LitLogger, which logs metrics and artifacts automatically to the Lightning Experiments platform.
LOCAL_RANK: 0 - CUDA_VISIBLE_DEVICES: [0,1,2,3,4,5,6,7]
Accuracy=0.9030 | F1=0.5299 | Log loss=0.3074 | Time=10.66s
Running TabPFN-v2...
Accuracy=0.8970 | F1=0.4728 | Log loss=0.2585 | Time=10.91s
Running TabPFN-v3...
Accuracy=0.8970 | F1=0.4728 | Log loss=0.2563 | Time=4.45s
Running TabICL-v2...
Accuracy=0.9091 | F1=0.5811 | Log loss=0.2018 | Time=9.18s

======================================================================
Dataset: S1_base | Seed: 0 | Rows: 1200 | Features: 3
======================================================================
Running CatBoost...
Accuracy=0.9303 | F1=0.9303 | Log loss=0.1704 | Time=1.14s
Running RealMLP-TD...
GPU available: True (cuda), used: True
TPU available: False, using: 0 TPU cores
💡 Tip: For seamless cloud logging and experiment tracking, try installing [litlogger](https://pypi.org/project/litlogger/) to enable LitLogger, which logs metrics and artifacts automatically to the Lightning Experiments platform.
LOCAL_RANK: 0 - CUDA_VISIBLE_DEVICES: [0,1,2,3,4,5,6,7]
`Trainer.fit` stopped: `max_epochs=256` reached.
GPU available: True (cuda), used: True
TPU available: False, using: 0 TPU cores
💡 Tip: For seamless cloud logging and experiment tracking, try installing [litlogger](https://pypi.org/project/litlogger/) to enable LitLogger, which logs metrics and artifacts automatically to the Lightning Experiments platform.
LOCAL_RANK: 0 - CUDA_VISIBLE_DEVICES: [0,1,2,3,4,5,6,7]
GPU available: True (cuda), used: True
TPU available: False, using: 0 TPU cores
💡 Tip: For seamless cloud logging and experiment tracking, try installing [litlogger](https://pypi.org/project/litlogger/) to enable LitLogger, which logs metrics and artifacts automatically to the Lightning Experiments platform.
LOCAL_RANK: 0 - CUDA_VISIBLE_DEVICES: [0,1,2,3,4,5,6,7]
Accuracy=0.9204 | F1=0.9204 | Log loss=0.2138 | Time=15.87s
Running TabPFN-v2...
Accuracy=0.9502 | F1=0.9502 | Log loss=0.1335 | Time=1.87s
Running TabPFN-v3...
Accuracy=0.9502 | F1=0.9502 | Log loss=0.1329 | Time=4.11s
Running TabICL-v2...
Accuracy=0.9502 | F1=0.9502 | Log loss=0.1332 | Time=1.50s

======================================================================
Dataset: S1_noisy | Seed: 0 | Rows: 1200 | Features: 3
======================================================================
Running CatBoost...
Accuracy=0.8955 | F1=0.8955 | Log loss=0.2580 | Time=1.16s
Running RealMLP-TD...
GPU available: True (cuda), used: True
TPU available: False, using: 0 TPU cores
💡 Tip: For seamless cloud logging and experiment tracking, try installing [litlogger](https://pypi.org/project/litlogger/) to enable LitLogger, which logs metrics and artifacts automatically to the Lightning Experiments platform.
LOCAL_RANK: 0 - CUDA_VISIBLE_DEVICES: [0,1,2,3,4,5,6,7]
`Trainer.fit` stopped: `max_epochs=256` reached.
GPU available: True (cuda), used: True
TPU available: False, using: 0 TPU cores
💡 Tip: For seamless cloud logging and experiment tracking, try installing [litlogger](https://pypi.org/project/litlogger/) to enable LitLogger, which logs metrics and artifacts automatically to the Lightning Experiments platform.
LOCAL_RANK: 0 - CUDA_VISIBLE_DEVICES: [0,1,2,3,4,5,6,7]
GPU available: True (cuda), used: True
TPU available: False, using: 0 TPU cores
💡 Tip: For seamless cloud logging and experiment tracking, try installing [litlogger](https://pypi.org/project/litlogger/) to enable LitLogger, which logs metrics and artifacts automatically to the Lightning Experiments platform.
LOCAL_RANK: 0 - CUDA_VISIBLE_DEVICES: [0,1,2,3,4,5,6,7]
Accuracy=0.9055 | F1=0.9055 | Log loss=0.2461 | Time=15.52s
Running TabPFN-v2...
Accuracy=0.9005 | F1=0.9005 | Log loss=0.2325 | Time=1.49s
Running TabPFN-v3...
Accuracy=0.8955 | F1=0.8955 | Log loss=0.2350 | Time=3.96s
Running TabICL-v2...
Accuracy=0.9055 | F1=0.9055 | Log loss=0.2244 | Time=1.32s

======================================================================
Dataset: S1_irrelevant | Seed: 0 | Rows: 1200 | Features: 18
======================================================================
Running CatBoost...
Accuracy=0.9403 | F1=0.9403 | Log loss=0.1513 | Time=1.52s
Running RealMLP-TD...
GPU available: True (cuda), used: True
TPU available: False, using: 0 TPU cores
💡 Tip: For seamless cloud logging and experiment tracking, try installing [litlogger](https://pypi.org/project/litlogger/) to enable LitLogger, which logs metrics and artifacts automatically to the Lightning Experiments platform.
LOCAL_RANK: 0 - CUDA_VISIBLE_DEVICES: [0,1,2,3,4,5,6,7]
`Trainer.fit` stopped: `max_epochs=256` reached.
GPU available: True (cuda), used: True
TPU available: False, using: 0 TPU cores
💡 Tip: For seamless cloud logging and experiment tracking, try installing [litlogger](https://pypi.org/project/litlogger/) to enable LitLogger, which logs metrics and artifacts automatically to the Lightning Experiments platform.
LOCAL_RANK: 0 - CUDA_VISIBLE_DEVICES: [0,1,2,3,4,5,6,7]
GPU available: True (cuda), used: True
TPU available: False, using: 0 TPU cores
💡 Tip: For seamless cloud logging and experiment tracking, try installing [litlogger](https://pypi.org/project/litlogger/) to enable LitLogger, which logs metrics and artifacts automatically to the Lightning Experiments platform.
LOCAL_RANK: 0 - CUDA_VISIBLE_DEVICES: [0,1,2,3,4,5,6,7]
Accuracy=0.9552 | F1=0.9552 | Log loss=0.1510 | Time=16.06s
Running TabPFN-v2...
Accuracy=0.9502 | F1=0.9502 | Log loss=0.1316 | Time=3.52s
Running TabPFN-v3...
Accuracy=0.9502 | F1=0.9502 | Log loss=0.1324 | Time=3.17s
Running TabICL-v2...
Accuracy=0.9453 | F1=0.9453 | Log loss=0.1331 | Time=1.76s

======================================================================
Dataset: S2_base | Seed: 0 | Rows: 1200 | Features: 5
======================================================================
Running CatBoost...
Accuracy=0.9652 | F1=0.9652 | Log loss=0.1006 | Time=1.22s
Running RealMLP-TD...
GPU available: True (cuda), used: True
TPU available: False, using: 0 TPU cores
💡 Tip: For seamless cloud logging and experiment tracking, try installing [litlogger](https://pypi.org/project/litlogger/) to enable LitLogger, which logs metrics and artifacts automatically to the Lightning Experiments platform.
LOCAL_RANK: 0 - CUDA_VISIBLE_DEVICES: [0,1,2,3,4,5,6,7]
`Trainer.fit` stopped: `max_epochs=256` reached.
GPU available: True (cuda), used: True
TPU available: False, using: 0 TPU cores
💡 Tip: For seamless cloud logging and experiment tracking, try installing [litlogger](https://pypi.org/project/litlogger/) to enable LitLogger, which logs metrics and artifacts automatically to the Lightning Experiments platform.
LOCAL_RANK: 0 - CUDA_VISIBLE_DEVICES: [0,1,2,3,4,5,6,7]
GPU available: True (cuda), used: True
TPU available: False, using: 0 TPU cores
💡 Tip: For seamless cloud logging and experiment tracking, try installing [litlogger](https://pypi.org/project/litlogger/) to enable LitLogger, which logs metrics and artifacts automatically to the Lightning Experiments platform.
LOCAL_RANK: 0 - CUDA_VISIBLE_DEVICES: [0,1,2,3,4,5,6,7]
Accuracy=0.9751 | F1=0.9751 | Log loss=0.1225 | Time=15.67s
Running TabPFN-v2...
Accuracy=0.9701 | F1=0.9701 | Log loss=0.0796 | Time=2.16s
Running TabPFN-v3...
Accuracy=0.9701 | F1=0.9701 | Log loss=0.0796 | Time=3.88s
Running TabICL-v2...
Accuracy=0.9751 | F1=0.9751 | Log loss=0.0794 | Time=1.46s

======================================================================
Dataset: S2_noisy | Seed: 0 | Rows: 1200 | Features: 5
======================================================================
Running CatBoost...
Accuracy=0.9204 | F1=0.9204 | Log loss=0.1743 | Time=1.20s
Running RealMLP-TD...
GPU available: True (cuda), used: True
TPU available: False, using: 0 TPU cores
💡 Tip: For seamless cloud logging and experiment tracking, try installing [litlogger](https://pypi.org/project/litlogger/) to enable LitLogger, which logs metrics and artifacts automatically to the Lightning Experiments platform.
LOCAL_RANK: 0 - CUDA_VISIBLE_DEVICES: [0,1,2,3,4,5,6,7]
`Trainer.fit` stopped: `max_epochs=256` reached.
GPU available: True (cuda), used: True
TPU available: False, using: 0 TPU cores
💡 Tip: For seamless cloud logging and experiment tracking, try installing [litlogger](https://pypi.org/project/litlogger/) to enable LitLogger, which logs metrics and artifacts automatically to the Lightning Experiments platform.
LOCAL_RANK: 0 - CUDA_VISIBLE_DEVICES: [0,1,2,3,4,5,6,7]
GPU available: True (cuda), used: True
TPU available: False, using: 0 TPU cores
💡 Tip: For seamless cloud logging and experiment tracking, try installing [litlogger](https://pypi.org/project/litlogger/) to enable LitLogger, which logs metrics and artifacts automatically to the Lightning Experiments platform.
LOCAL_RANK: 0 - CUDA_VISIBLE_DEVICES: [0,1,2,3,4,5,6,7]
Accuracy=0.9353 | F1=0.9352 | Log loss=0.2014 | Time=15.70s
Running TabPFN-v2...
Accuracy=0.9453 | F1=0.9453 | Log loss=0.1392 | Time=1.97s
Running TabPFN-v3...
Accuracy=0.9353 | F1=0.9353 | Log loss=0.1417 | Time=3.52s
Running TabICL-v2...
Accuracy=0.9353 | F1=0.9353 | Log loss=0.1409 | Time=1.40s

======================================================================
Dataset: S2_irrelevant | Seed: 0 | Rows: 1200 | Features: 20
======================================================================
Running CatBoost...
Accuracy=0.9701 | F1=0.9701 | Log loss=0.0958 | Time=1.55s
Running RealMLP-TD...
GPU available: True (cuda), used: True
TPU available: False, using: 0 TPU cores
💡 Tip: For seamless cloud logging and experiment tracking, try installing [litlogger](https://pypi.org/project/litlogger/) to enable LitLogger, which logs metrics and artifacts automatically to the Lightning Experiments platform.
LOCAL_RANK: 0 - CUDA_VISIBLE_DEVICES: [0,1,2,3,4,5,6,7]
`Trainer.fit` stopped: `max_epochs=256` reached.
GPU available: True (cuda), used: True
TPU available: False, using: 0 TPU cores
💡 Tip: For seamless cloud logging and experiment tracking, try installing [litlogger](https://pypi.org/project/litlogger/) to enable LitLogger, which logs metrics and artifacts automatically to the Lightning Experiments platform.
LOCAL_RANK: 0 - CUDA_VISIBLE_DEVICES: [0,1,2,3,4,5,6,7]
GPU available: True (cuda), used: True
TPU available: False, using: 0 TPU cores
💡 Tip: For seamless cloud logging and experiment tracking, try installing [litlogger](https://pypi.org/project/litlogger/) to enable LitLogger, which logs metrics and artifacts automatically to the Lightning Experiments platform.
LOCAL_RANK: 0 - CUDA_VISIBLE_DEVICES: [0,1,2,3,4,5,6,7]
Accuracy=0.9751 | F1=0.9751 | Log loss=0.1020 | Time=15.32s
Running TabPFN-v2...
Accuracy=0.9701 | F1=0.9701 | Log loss=0.0802 | Time=4.29s
Running TabPFN-v3...
Accuracy=0.9701 | F1=0.9701 | Log loss=0.0796 | Time=3.73s
Running TabICL-v2...
Accuracy=0.9701 | F1=0.9701 | Log loss=0.0784 | Time=2.17s

======================================================================
Dataset: F1_base | Seed: 1 | Rows: 1200 | Features: 3
======================================================================
Running CatBoost...
Accuracy=0.9353 | F1=0.9353 | Log loss=0.1668 | Time=1.17s
Running RealMLP-TD...
GPU available: True (cuda), used: True
TPU available: False, using: 0 TPU cores
💡 Tip: For seamless cloud logging and experiment tracking, try installing [litlogger](https://pypi.org/project/litlogger/) to enable LitLogger, which logs metrics and artifacts automatically to the Lightning Experiments platform.
LOCAL_RANK: 0 - CUDA_VISIBLE_DEVICES: [0,1,2,3,4,5,6,7]
`Trainer.fit` stopped: `max_epochs=256` reached.
GPU available: True (cuda), used: True
TPU available: False, using: 0 TPU cores
💡 Tip: For seamless cloud logging and experiment tracking, try installing [litlogger](https://pypi.org/project/litlogger/) to enable LitLogger, which logs metrics and artifacts automatically to the Lightning Experiments platform.
LOCAL_RANK: 0 - CUDA_VISIBLE_DEVICES: [0,1,2,3,4,5,6,7]
GPU available: True (cuda), used: True
TPU available: False, using: 0 TPU cores
💡 Tip: For seamless cloud logging and experiment tracking, try installing [litlogger](https://pypi.org/project/litlogger/) to enable LitLogger, which logs metrics and artifacts automatically to the Lightning Experiments platform.
LOCAL_RANK: 0 - CUDA_VISIBLE_DEVICES: [0,1,2,3,4,5,6,7]
Accuracy=0.9801 | F1=0.9801 | Log loss=0.1479 | Time=15.30s
Running TabPFN-v2...
Accuracy=0.9652 | F1=0.9652 | Log loss=0.1116 | Time=1.72s
Running TabPFN-v3...
Accuracy=0.9751 | F1=0.9751 | Log loss=0.0875 | Time=3.85s
Running TabICL-v2...
Accuracy=0.9701 | F1=0.9701 | Log loss=0.0949 | Time=1.27s

======================================================================
Dataset: F1_noisy | Seed: 1 | Rows: 1200 | Features: 3
======================================================================
Running CatBoost...
Accuracy=0.8408 | F1=0.8406 | Log loss=0.3530 | Time=1.14s
Running RealMLP-TD...
GPU available: True (cuda), used: True
TPU available: False, using: 0 TPU cores
💡 Tip: For seamless cloud logging and experiment tracking, try installing [litlogger](https://pypi.org/project/litlogger/) to enable LitLogger, which logs metrics and artifacts automatically to the Lightning Experiments platform.
LOCAL_RANK: 0 - CUDA_VISIBLE_DEVICES: [0,1,2,3,4,5,6,7]
`Trainer.fit` stopped: `max_epochs=256` reached.
GPU available: True (cuda), used: True
TPU available: False, using: 0 TPU cores
💡 Tip: For seamless cloud logging and experiment tracking, try installing [litlogger](https://pypi.org/project/litlogger/) to enable LitLogger, which logs metrics and artifacts automatically to the Lightning Experiments platform.
LOCAL_RANK: 0 - CUDA_VISIBLE_DEVICES: [0,1,2,3,4,5,6,7]
GPU available: True (cuda), used: True
TPU available: False, using: 0 TPU cores
💡 Tip: For seamless cloud logging and experiment tracking, try installing [litlogger](https://pypi.org/project/litlogger/) to enable LitLogger, which logs metrics and artifacts automatically to the Lightning Experiments platform.
LOCAL_RANK: 0 - CUDA_VISIBLE_DEVICES: [0,1,2,3,4,5,6,7]
Accuracy=0.8756 | F1=0.8755 | Log loss=0.3525 | Time=15.56s
Running TabPFN-v2...
Accuracy=0.8657 | F1=0.8657 | Log loss=0.3369 | Time=1.48s
Running TabPFN-v3...
Accuracy=0.8657 | F1=0.8657 | Log loss=0.3370 | Time=3.78s
Running TabICL-v2...
Accuracy=0.8806 | F1=0.8806 | Log loss=0.3405 | Time=1.35s

======================================================================
Dataset: F1_irrelevant | Seed: 1 | Rows: 1200 | Features: 18
======================================================================
Running CatBoost...
Accuracy=0.9353 | F1=0.9353 | Log loss=0.1749 | Time=1.56s
Running RealMLP-TD...
GPU available: True (cuda), used: True
TPU available: False, using: 0 TPU cores
💡 Tip: For seamless cloud logging and experiment tracking, try installing [litlogger](https://pypi.org/project/litlogger/) to enable LitLogger, which logs metrics and artifacts automatically to the Lightning Experiments platform.
LOCAL_RANK: 0 - CUDA_VISIBLE_DEVICES: [0,1,2,3,4,5,6,7]
`Trainer.fit` stopped: `max_epochs=256` reached.
GPU available: True (cuda), used: True
TPU available: False, using: 0 TPU cores
💡 Tip: For seamless cloud logging and experiment tracking, try installing [litlogger](https://pypi.org/project/litlogger/) to enable LitLogger, which logs metrics and artifacts automatically to the Lightning Experiments platform.
LOCAL_RANK: 0 - CUDA_VISIBLE_DEVICES: [0,1,2,3,4,5,6,7]
GPU available: True (cuda), used: True
TPU available: False, using: 0 TPU cores
💡 Tip: For seamless cloud logging and experiment tracking, try installing [litlogger](https://pypi.org/project/litlogger/) to enable LitLogger, which logs metrics and artifacts automatically to the Lightning Experiments platform.
LOCAL_RANK: 0 - CUDA_VISIBLE_DEVICES: [0,1,2,3,4,5,6,7]
Accuracy=0.9453 | F1=0.9451 | Log loss=0.1652 | Time=16.05s
Running TabPFN-v2...
Accuracy=0.9701 | F1=0.9701 | Log loss=0.1084 | Time=3.63s
Running TabPFN-v3...
Accuracy=0.9751 | F1=0.9751 | Log loss=0.0991 | Time=3.72s
Running TabICL-v2...
Accuracy=0.9751 | F1=0.9751 | Log loss=0.1054 | Time=2.08s

======================================================================
Dataset: F2_base | Seed: 1 | Rows: 1200 | Features: 4
======================================================================
Running CatBoost...
Accuracy=0.9403 | F1=0.9403 | Log loss=0.2027 | Time=1.17s
Running RealMLP-TD...
GPU available: True (cuda), used: True
TPU available: False, using: 0 TPU cores
💡 Tip: For seamless cloud logging and experiment tracking, try installing [litlogger](https://pypi.org/project/litlogger/) to enable LitLogger, which logs metrics and artifacts automatically to the Lightning Experiments platform.
LOCAL_RANK: 0 - CUDA_VISIBLE_DEVICES: [0,1,2,3,4,5,6,7]
`Trainer.fit` stopped: `max_epochs=256` reached.
GPU available: True (cuda), used: True
TPU available: False, using: 0 TPU cores
💡 Tip: For seamless cloud logging and experiment tracking, try installing [litlogger](https://pypi.org/project/litlogger/) to enable LitLogger, which logs metrics and artifacts automatically to the Lightning Experiments platform.
LOCAL_RANK: 0 - CUDA_VISIBLE_DEVICES: [0,1,2,3,4,5,6,7]
GPU available: True (cuda), used: True
TPU available: False, using: 0 TPU cores
💡 Tip: For seamless cloud logging and experiment tracking, try installing [litlogger](https://pypi.org/project/litlogger/) to enable LitLogger, which logs metrics and artifacts automatically to the Lightning Experiments platform.
LOCAL_RANK: 0 - CUDA_VISIBLE_DEVICES: [0,1,2,3,4,5,6,7]
Accuracy=0.9502 | F1=0.9502 | Log loss=0.2072 | Time=15.43s
Running TabPFN-v2...
Accuracy=0.9602 | F1=0.9602 | Log loss=0.1815 | Time=1.70s
Running TabPFN-v3...
Accuracy=0.9602 | F1=0.9602 | Log loss=0.1796 | Time=3.86s
Running TabICL-v2...
Accuracy=0.9602 | F1=0.9602 | Log loss=0.1609 | Time=1.39s

======================================================================
Dataset: F2_noisy | Seed: 1 | Rows: 1200 | Features: 4
======================================================================
Running CatBoost...
Accuracy=0.8308 | F1=0.8307 | Log loss=0.3964 | Time=1.17s
Running RealMLP-TD...
GPU available: True (cuda), used: True
TPU available: False, using: 0 TPU cores
💡 Tip: For seamless cloud logging and experiment tracking, try installing [litlogger](https://pypi.org/project/litlogger/) to enable LitLogger, which logs metrics and artifacts automatically to the Lightning Experiments platform.
LOCAL_RANK: 0 - CUDA_VISIBLE_DEVICES: [0,1,2,3,4,5,6,7]
`Trainer.fit` stopped: `max_epochs=256` reached.
GPU available: True (cuda), used: True
TPU available: False, using: 0 TPU cores
💡 Tip: For seamless cloud logging and experiment tracking, try installing [litlogger](https://pypi.org/project/litlogger/) to enable LitLogger, which logs metrics and artifacts automatically to the Lightning Experiments platform.
LOCAL_RANK: 0 - CUDA_VISIBLE_DEVICES: [0,1,2,3,4,5,6,7]
GPU available: True (cuda), used: True
TPU available: False, using: 0 TPU cores
💡 Tip: For seamless cloud logging and experiment tracking, try installing [litlogger](https://pypi.org/project/litlogger/) to enable LitLogger, which logs metrics and artifacts automatically to the Lightning Experiments platform.
LOCAL_RANK: 0 - CUDA_VISIBLE_DEVICES: [0,1,2,3,4,5,6,7]
Accuracy=0.8358 | F1=0.8357 | Log loss=0.4025 | Time=15.42s
Running TabPFN-v2...
Accuracy=0.8209 | F1=0.8209 | Log loss=0.3821 | Time=1.84s
Running TabPFN-v3...
Accuracy=0.8209 | F1=0.8209 | Log loss=0.3785 | Time=3.38s
Running TabICL-v2...
Accuracy=0.8209 | F1=0.8209 | Log loss=0.3836 | Time=1.29s

======================================================================
Dataset: F2_irrelevant | Seed: 1 | Rows: 1200 | Features: 19
======================================================================
Running CatBoost...
Accuracy=0.9204 | F1=0.9204 | Log loss=0.2267 | Time=1.54s
Running RealMLP-TD...
GPU available: True (cuda), used: True
TPU available: False, using: 0 TPU cores
💡 Tip: For seamless cloud logging and experiment tracking, try installing [litlogger](https://pypi.org/project/litlogger/) to enable LitLogger, which logs metrics and artifacts automatically to the Lightning Experiments platform.
LOCAL_RANK: 0 - CUDA_VISIBLE_DEVICES: [0,1,2,3,4,5,6,7]
`Trainer.fit` stopped: `max_epochs=256` reached.
GPU available: True (cuda), used: True
TPU available: False, using: 0 TPU cores
💡 Tip: For seamless cloud logging and experiment tracking, try installing [litlogger](https://pypi.org/project/litlogger/) to enable LitLogger, which logs metrics and artifacts automatically to the Lightning Experiments platform.
LOCAL_RANK: 0 - CUDA_VISIBLE_DEVICES: [0,1,2,3,4,5,6,7]
GPU available: True (cuda), used: True
TPU available: False, using: 0 TPU cores
💡 Tip: For seamless cloud logging and experiment tracking, try installing [litlogger](https://pypi.org/project/litlogger/) to enable LitLogger, which logs metrics and artifacts automatically to the Lightning Experiments platform.
LOCAL_RANK: 0 - CUDA_VISIBLE_DEVICES: [0,1,2,3,4,5,6,7]
Accuracy=0.9104 | F1=0.9103 | Log loss=0.2437 | Time=15.87s
Running TabPFN-v2...
Accuracy=0.9602 | F1=0.9602 | Log loss=0.1853 | Time=3.41s
Running TabPFN-v3...
Accuracy=0.9552 | F1=0.9552 | Log loss=0.1908 | Time=4.23s
Running TabICL-v2...
Accuracy=0.9502 | F1=0.9502 | Log loss=0.1692 | Time=2.20s

======================================================================
Dataset: R1_base | Seed: 1 | Rows: 1200 | Features: 24
======================================================================
Running CatBoost...
Accuracy=0.9254 | F1=0.9045 | Log loss=0.2329 | Time=1.62s
Running RealMLP-TD...
GPU available: True (cuda), used: True
TPU available: False, using: 0 TPU cores
💡 Tip: For seamless cloud logging and experiment tracking, try installing [litlogger](https://pypi.org/project/litlogger/) to enable LitLogger, which logs metrics and artifacts automatically to the Lightning Experiments platform.
LOCAL_RANK: 0 - CUDA_VISIBLE_DEVICES: [0,1,2,3,4,5,6,7]
`Trainer.fit` stopped: `max_epochs=256` reached.
GPU available: True (cuda), used: True
TPU available: False, using: 0 TPU cores
💡 Tip: For seamless cloud logging and experiment tracking, try installing [litlogger](https://pypi.org/project/litlogger/) to enable LitLogger, which logs metrics and artifacts automatically to the Lightning Experiments platform.
LOCAL_RANK: 0 - CUDA_VISIBLE_DEVICES: [0,1,2,3,4,5,6,7]
GPU available: True (cuda), used: True
TPU available: False, using: 0 TPU cores
💡 Tip: For seamless cloud logging and experiment tracking, try installing [litlogger](https://pypi.org/project/litlogger/) to enable LitLogger, which logs metrics and artifacts automatically to the Lightning Experiments platform.
LOCAL_RANK: 0 - CUDA_VISIBLE_DEVICES: [0,1,2,3,4,5,6,7]
Accuracy=0.9403 | F1=0.9265 | Log loss=0.2328 | Time=16.42s
Running TabPFN-v2...
Accuracy=0.9353 | F1=0.9200 | Log loss=0.1763 | Time=4.22s
Running TabPFN-v3...
Accuracy=0.9303 | F1=0.9143 | Log loss=0.1770 | Time=3.48s
Running TabICL-v2...
Accuracy=0.9353 | F1=0.9182 | Log loss=0.1799 | Time=2.04s

======================================================================
Dataset: R1_noisy | Seed: 1 | Rows: 1200 | Features: 24
======================================================================
Running CatBoost...
Accuracy=0.8706 | F1=0.8334 | Log loss=0.3341 | Time=1.61s
Running RealMLP-TD...
GPU available: True (cuda), used: True
TPU available: False, using: 0 TPU cores
💡 Tip: For seamless cloud logging and experiment tracking, try installing [litlogger](https://pypi.org/project/litlogger/) to enable LitLogger, which logs metrics and artifacts automatically to the Lightning Experiments platform.
LOCAL_RANK: 0 - CUDA_VISIBLE_DEVICES: [0,1,2,3,4,5,6,7]
`Trainer.fit` stopped: `max_epochs=256` reached.
GPU available: True (cuda), used: True
TPU available: False, using: 0 TPU cores
💡 Tip: For seamless cloud logging and experiment tracking, try installing [litlogger](https://pypi.org/project/litlogger/) to enable LitLogger, which logs metrics and artifacts automatically to the Lightning Experiments platform.
LOCAL_RANK: 0 - CUDA_VISIBLE_DEVICES: [0,1,2,3,4,5,6,7]
GPU available: True (cuda), used: True
TPU available: False, using: 0 TPU cores
💡 Tip: For seamless cloud logging and experiment tracking, try installing [litlogger](https://pypi.org/project/litlogger/) to enable LitLogger, which logs metrics and artifacts automatically to the Lightning Experiments platform.
LOCAL_RANK: 0 - CUDA_VISIBLE_DEVICES: [0,1,2,3,4,5,6,7]
Accuracy=0.8259 | F1=0.7686 | Log loss=0.4024 | Time=16.43s
Running TabPFN-v2...
Accuracy=0.8756 | F1=0.8427 | Log loss=0.3121 | Time=4.02s
Running TabPFN-v3...
Accuracy=0.8806 | F1=0.8481 | Log loss=0.3106 | Time=3.80s
Running TabICL-v2...
Accuracy=0.8756 | F1=0.8427 | Log loss=0.3272 | Time=1.98s

======================================================================
Dataset: R1_imbalanced | Seed: 1 | Rows: 971 | Features: 24
======================================================================
Running CatBoost...
Accuracy=0.9136 | F1=0.5882 | Log loss=0.2587 | Time=1.59s
Running RealMLP-TD...
GPU available: True (cuda), used: True
TPU available: False, using: 0 TPU cores
💡 Tip: For seamless cloud logging and experiment tracking, try installing [litlogger](https://pypi.org/project/litlogger/) to enable LitLogger, which logs metrics and artifacts automatically to the Lightning Experiments platform.
LOCAL_RANK: 0 - CUDA_VISIBLE_DEVICES: [0,1,2,3,4,5,6,7]
`Trainer.fit` stopped: `max_epochs=256` reached.
GPU available: True (cuda), used: True
TPU available: False, using: 0 TPU cores
💡 Tip: For seamless cloud logging and experiment tracking, try installing [litlogger](https://pypi.org/project/litlogger/) to enable LitLogger, which logs metrics and artifacts automatically to the Lightning Experiments platform.
LOCAL_RANK: 0 - CUDA_VISIBLE_DEVICES: [0,1,2,3,4,5,6,7]
GPU available: True (cuda), used: True
TPU available: False, using: 0 TPU cores
💡 Tip: For seamless cloud logging and experiment tracking, try installing [litlogger](https://pypi.org/project/litlogger/) to enable LitLogger, which logs metrics and artifacts automatically to the Lightning Experiments platform.
LOCAL_RANK: 0 - CUDA_VISIBLE_DEVICES: [0,1,2,3,4,5,6,7]
Accuracy=0.9259 | F1=0.7074 | Log loss=0.2173 | Time=10.25s
Running TabPFN-v2...
Accuracy=0.9568 | F1=0.8483 | Log loss=0.1799 | Time=3.26s
Running TabPFN-v3...
Accuracy=0.9630 | F1=0.8745 | Log loss=0.1869 | Time=3.78s
Running TabICL-v2...
Accuracy=0.9506 | F1=0.8200 | Log loss=0.2320 | Time=2.45s

======================================================================
Dataset: R2_base | Seed: 1 | Rows: 1200 | Features: 105
======================================================================
Running CatBoost...
Accuracy=0.7960 | F1=0.6328 | Log loss=0.3829 | Time=3.48s
Running RealMLP-TD...
GPU available: True (cuda), used: True
TPU available: False, using: 0 TPU cores
💡 Tip: For seamless cloud logging and experiment tracking, try installing [litlogger](https://pypi.org/project/litlogger/) to enable LitLogger, which logs metrics and artifacts automatically to the Lightning Experiments platform.
LOCAL_RANK: 0 - CUDA_VISIBLE_DEVICES: [0,1,2,3,4,5,6,7]
`Trainer.fit` stopped: `max_epochs=256` reached.
GPU available: True (cuda), used: True
TPU available: False, using: 0 TPU cores
💡 Tip: For seamless cloud logging and experiment tracking, try installing [litlogger](https://pypi.org/project/litlogger/) to enable LitLogger, which logs metrics and artifacts automatically to the Lightning Experiments platform.
LOCAL_RANK: 0 - CUDA_VISIBLE_DEVICES: [0,1,2,3,4,5,6,7]
GPU available: True (cuda), used: True
TPU available: False, using: 0 TPU cores
💡 Tip: For seamless cloud logging and experiment tracking, try installing [litlogger](https://pypi.org/project/litlogger/) to enable LitLogger, which logs metrics and artifacts automatically to the Lightning Experiments platform.
LOCAL_RANK: 0 - CUDA_VISIBLE_DEVICES: [0,1,2,3,4,5,6,7]
Accuracy=0.7512 | F1=0.5770 | Log loss=0.5026 | Time=15.84s
Running TabPFN-v2...
Accuracy=0.7463 | F1=0.5539 | Log loss=0.4046 | Time=15.89s
Running TabPFN-v3...
Accuracy=0.7463 | F1=0.5200 | Log loss=0.3926 | Time=4.59s
Running TabICL-v2...
Accuracy=0.9055 | F1=0.8671 | Log loss=0.2924 | Time=10.28s

======================================================================
Dataset: R2_noisy | Seed: 1 | Rows: 1200 | Features: 105
======================================================================
Running CatBoost...
Accuracy=0.7662 | F1=0.5196 | Log loss=0.4300 | Time=3.70s
Running RealMLP-TD...
GPU available: True (cuda), used: True
TPU available: False, using: 0 TPU cores
💡 Tip: For seamless cloud logging and experiment tracking, try installing [litlogger](https://pypi.org/project/litlogger/) to enable LitLogger, which logs metrics and artifacts automatically to the Lightning Experiments platform.
LOCAL_RANK: 0 - CUDA_VISIBLE_DEVICES: [0,1,2,3,4,5,6,7]
`Trainer.fit` stopped: `max_epochs=256` reached.
GPU available: True (cuda), used: True
TPU available: False, using: 0 TPU cores
💡 Tip: For seamless cloud logging and experiment tracking, try installing [litlogger](https://pypi.org/project/litlogger/) to enable LitLogger, which logs metrics and artifacts automatically to the Lightning Experiments platform.
LOCAL_RANK: 0 - CUDA_VISIBLE_DEVICES: [0,1,2,3,4,5,6,7]
GPU available: True (cuda), used: True
TPU available: False, using: 0 TPU cores
💡 Tip: For seamless cloud logging and experiment tracking, try installing [litlogger](https://pypi.org/project/litlogger/) to enable LitLogger, which logs metrics and artifacts automatically to the Lightning Experiments platform.
LOCAL_RANK: 0 - CUDA_VISIBLE_DEVICES: [0,1,2,3,4,5,6,7]
Accuracy=0.7413 | F1=0.5781 | Log loss=0.6018 | Time=15.87s
Running TabPFN-v2...
Accuracy=0.7512 | F1=0.5859 | Log loss=0.4318 | Time=15.78s
Running TabPFN-v3...
Accuracy=0.7264 | F1=0.5189 | Log loss=0.4152 | Time=5.60s
Running TabICL-v2...
Accuracy=0.7612 | F1=0.5939 | Log loss=0.4119 | Time=10.28s

======================================================================
Dataset: R2_imbalanced | Seed: 1 | Rows: 985 | Features: 105
======================================================================
Running CatBoost...
Accuracy=0.9030 | F1=0.4745 | Log loss=0.2745 | Time=3.40s
Running RealMLP-TD...
GPU available: True (cuda), used: True
TPU available: False, using: 0 TPU cores
💡 Tip: For seamless cloud logging and experiment tracking, try installing [litlogger](https://pypi.org/project/litlogger/) to enable LitLogger, which logs metrics and artifacts automatically to the Lightning Experiments platform.
LOCAL_RANK: 0 - CUDA_VISIBLE_DEVICES: [0,1,2,3,4,5,6,7]
`Trainer.fit` stopped: `max_epochs=256` reached.
GPU available: True (cuda), used: True
TPU available: False, using: 0 TPU cores
💡 Tip: For seamless cloud logging and experiment tracking, try installing [litlogger](https://pypi.org/project/litlogger/) to enable LitLogger, which logs metrics and artifacts automatically to the Lightning Experiments platform.
LOCAL_RANK: 0 - CUDA_VISIBLE_DEVICES: [0,1,2,3,4,5,6,7]
GPU available: True (cuda), used: True
TPU available: False, using: 0 TPU cores
💡 Tip: For seamless cloud logging and experiment tracking, try installing [litlogger](https://pypi.org/project/litlogger/) to enable LitLogger, which logs metrics and artifacts automatically to the Lightning Experiments platform.
LOCAL_RANK: 0 - CUDA_VISIBLE_DEVICES: [0,1,2,3,4,5,6,7]
Accuracy=0.9030 | F1=0.4745 | Log loss=0.3979 | Time=10.78s
Running TabPFN-v2...
Accuracy=0.9030 | F1=0.4745 | Log loss=0.2687 | Time=11.07s
Running TabPFN-v3...
Accuracy=0.9030 | F1=0.4745 | Log loss=0.2691 | Time=4.41s
Running TabICL-v2...
Accuracy=0.9091 | F1=0.5349 | Log loss=0.2360 | Time=9.03s

======================================================================
Dataset: S1_base | Seed: 1 | Rows: 1200 | Features: 3
======================================================================
Running CatBoost...
Accuracy=0.9502 | F1=0.9502 | Log loss=0.1302 | Time=1.15s
Running RealMLP-TD...
GPU available: True (cuda), used: True
TPU available: False, using: 0 TPU cores
💡 Tip: For seamless cloud logging and experiment tracking, try installing [litlogger](https://pypi.org/project/litlogger/) to enable LitLogger, which logs metrics and artifacts automatically to the Lightning Experiments platform.
LOCAL_RANK: 0 - CUDA_VISIBLE_DEVICES: [0,1,2,3,4,5,6,7]
`Trainer.fit` stopped: `max_epochs=256` reached.
GPU available: True (cuda), used: True
TPU available: False, using: 0 TPU cores
💡 Tip: For seamless cloud logging and experiment tracking, try installing [litlogger](https://pypi.org/project/litlogger/) to enable LitLogger, which logs metrics and artifacts automatically to the Lightning Experiments platform.
LOCAL_RANK: 0 - CUDA_VISIBLE_DEVICES: [0,1,2,3,4,5,6,7]
GPU available: True (cuda), used: True
TPU available: False, using: 0 TPU cores
💡 Tip: For seamless cloud logging and experiment tracking, try installing [litlogger](https://pypi.org/project/litlogger/) to enable LitLogger, which logs metrics and artifacts automatically to the Lightning Experiments platform.
LOCAL_RANK: 0 - CUDA_VISIBLE_DEVICES: [0,1,2,3,4,5,6,7]
Accuracy=0.9552 | F1=0.9552 | Log loss=0.1432 | Time=15.77s
Running TabPFN-v2...
Accuracy=0.9502 | F1=0.9502 | Log loss=0.1036 | Time=1.76s
Running TabPFN-v3...
Accuracy=0.9552 | F1=0.9552 | Log loss=0.0993 | Time=3.62s
Running TabICL-v2...
Accuracy=0.9552 | F1=0.9552 | Log loss=0.1025 | Time=1.37s

======================================================================
Dataset: S1_noisy | Seed: 1 | Rows: 1200 | Features: 3
======================================================================
Running CatBoost...
Accuracy=0.9303 | F1=0.9303 | Log loss=0.2044 | Time=1.18s
Running RealMLP-TD...
GPU available: True (cuda), used: True
TPU available: False, using: 0 TPU cores
💡 Tip: For seamless cloud logging and experiment tracking, try installing [litlogger](https://pypi.org/project/litlogger/) to enable LitLogger, which logs metrics and artifacts automatically to the Lightning Experiments platform.
LOCAL_RANK: 0 - CUDA_VISIBLE_DEVICES: [0,1,2,3,4,5,6,7]
`Trainer.fit` stopped: `max_epochs=256` reached.
GPU available: True (cuda), used: True
TPU available: False, using: 0 TPU cores
💡 Tip: For seamless cloud logging and experiment tracking, try installing [litlogger](https://pypi.org/project/litlogger/) to enable LitLogger, which logs metrics and artifacts automatically to the Lightning Experiments platform.
LOCAL_RANK: 0 - CUDA_VISIBLE_DEVICES: [0,1,2,3,4,5,6,7]
GPU available: True (cuda), used: True
TPU available: False, using: 0 TPU cores
💡 Tip: For seamless cloud logging and experiment tracking, try installing [litlogger](https://pypi.org/project/litlogger/) to enable LitLogger, which logs metrics and artifacts automatically to the Lightning Experiments platform.
LOCAL_RANK: 0 - CUDA_VISIBLE_DEVICES: [0,1,2,3,4,5,6,7]
Accuracy=0.9453 | F1=0.9453 | Log loss=0.2145 | Time=16.37s
Running TabPFN-v2...
Accuracy=0.9403 | F1=0.9403 | Log loss=0.1932 | Time=1.85s
Running TabPFN-v3...
Accuracy=0.9403 | F1=0.9403 | Log loss=0.1929 | Time=3.84s
Running TabICL-v2...
Accuracy=0.9403 | F1=0.9403 | Log loss=0.1885 | Time=1.64s

======================================================================
Dataset: S1_irrelevant | Seed: 1 | Rows: 1200 | Features: 18
======================================================================
Running CatBoost...
Accuracy=0.9403 | F1=0.9403 | Log loss=0.1297 | Time=1.55s
Running RealMLP-TD...
GPU available: True (cuda), used: True
TPU available: False, using: 0 TPU cores
💡 Tip: For seamless cloud logging and experiment tracking, try installing [litlogger](https://pypi.org/project/litlogger/) to enable LitLogger, which logs metrics and artifacts automatically to the Lightning Experiments platform.
LOCAL_RANK: 0 - CUDA_VISIBLE_DEVICES: [0,1,2,3,4,5,6,7]
`Trainer.fit` stopped: `max_epochs=256` reached.
GPU available: True (cuda), used: True
TPU available: False, using: 0 TPU cores
💡 Tip: For seamless cloud logging and experiment tracking, try installing [litlogger](https://pypi.org/project/litlogger/) to enable LitLogger, which logs metrics and artifacts automatically to the Lightning Experiments platform.
LOCAL_RANK: 0 - CUDA_VISIBLE_DEVICES: [0,1,2,3,4,5,6,7]
GPU available: True (cuda), used: True
TPU available: False, using: 0 TPU cores
💡 Tip: For seamless cloud logging and experiment tracking, try installing [litlogger](https://pypi.org/project/litlogger/) to enable LitLogger, which logs metrics and artifacts automatically to the Lightning Experiments platform.
LOCAL_RANK: 0 - CUDA_VISIBLE_DEVICES: [0,1,2,3,4,5,6,7]
Accuracy=0.9403 | F1=0.9403 | Log loss=0.1258 | Time=15.87s
Running TabPFN-v2...
Accuracy=0.9502 | F1=0.9502 | Log loss=0.1018 | Time=3.47s
Running TabPFN-v3...
Accuracy=0.9552 | F1=0.9552 | Log loss=0.0991 | Time=3.90s
Running TabICL-v2...
Accuracy=0.9502 | F1=0.9502 | Log loss=0.1014 | Time=1.79s

======================================================================
Dataset: S2_base | Seed: 1 | Rows: 1200 | Features: 5
======================================================================
Running CatBoost...
Accuracy=0.9602 | F1=0.9602 | Log loss=0.0896 | Time=1.20s
Running RealMLP-TD...
GPU available: True (cuda), used: True
TPU available: False, using: 0 TPU cores
💡 Tip: For seamless cloud logging and experiment tracking, try installing [litlogger](https://pypi.org/project/litlogger/) to enable LitLogger, which logs metrics and artifacts automatically to the Lightning Experiments platform.
LOCAL_RANK: 0 - CUDA_VISIBLE_DEVICES: [0,1,2,3,4,5,6,7]
`Trainer.fit` stopped: `max_epochs=256` reached.
GPU available: True (cuda), used: True
TPU available: False, using: 0 TPU cores
💡 Tip: For seamless cloud logging and experiment tracking, try installing [litlogger](https://pypi.org/project/litlogger/) to enable LitLogger, which logs metrics and artifacts automatically to the Lightning Experiments platform.
LOCAL_RANK: 0 - CUDA_VISIBLE_DEVICES: [0,1,2,3,4,5,6,7]
GPU available: True (cuda), used: True
TPU available: False, using: 0 TPU cores
💡 Tip: For seamless cloud logging and experiment tracking, try installing [litlogger](https://pypi.org/project/litlogger/) to enable LitLogger, which logs metrics and artifacts automatically to the Lightning Experiments platform.
LOCAL_RANK: 0 - CUDA_VISIBLE_DEVICES: [0,1,2,3,4,5,6,7]
Accuracy=0.9502 | F1=0.9502 | Log loss=0.1277 | Time=16.14s
Running TabPFN-v2...
Accuracy=0.9701 | F1=0.9701 | Log loss=0.0829 | Time=1.91s
Running TabPFN-v3...
Accuracy=0.9701 | F1=0.9701 | Log loss=0.0830 | Time=3.55s
Running TabICL-v2...
Accuracy=0.9751 | F1=0.9751 | Log loss=0.0788 | Time=1.69s

======================================================================
Dataset: S2_noisy | Seed: 1 | Rows: 1200 | Features: 5
======================================================================
Running CatBoost...
Accuracy=0.9254 | F1=0.9254 | Log loss=0.1659 | Time=1.17s
Running RealMLP-TD...
GPU available: True (cuda), used: True
TPU available: False, using: 0 TPU cores
💡 Tip: For seamless cloud logging and experiment tracking, try installing [litlogger](https://pypi.org/project/litlogger/) to enable LitLogger, which logs metrics and artifacts automatically to the Lightning Experiments platform.
LOCAL_RANK: 0 - CUDA_VISIBLE_DEVICES: [0,1,2,3,4,5,6,7]
`Trainer.fit` stopped: `max_epochs=256` reached.
GPU available: True (cuda), used: True
TPU available: False, using: 0 TPU cores
💡 Tip: For seamless cloud logging and experiment tracking, try installing [litlogger](https://pypi.org/project/litlogger/) to enable LitLogger, which logs metrics and artifacts automatically to the Lightning Experiments platform.
LOCAL_RANK: 0 - CUDA_VISIBLE_DEVICES: [0,1,2,3,4,5,6,7]
GPU available: True (cuda), used: True
TPU available: False, using: 0 TPU cores
💡 Tip: For seamless cloud logging and experiment tracking, try installing [litlogger](https://pypi.org/project/litlogger/) to enable LitLogger, which logs metrics and artifacts automatically to the Lightning Experiments platform.
LOCAL_RANK: 0 - CUDA_VISIBLE_DEVICES: [0,1,2,3,4,5,6,7]
Accuracy=0.9154 | F1=0.9152 | Log loss=0.1782 | Time=16.17s
Running TabPFN-v2...
Accuracy=0.9403 | F1=0.9403 | Log loss=0.1398 | Time=1.94s
Running TabPFN-v3...
Accuracy=0.9453 | F1=0.9453 | Log loss=0.1374 | Time=4.16s
Running TabICL-v2...
Accuracy=0.9303 | F1=0.9303 | Log loss=0.1385 | Time=1.58s

======================================================================
Dataset: S2_irrelevant | Seed: 1 | Rows: 1200 | Features: 20
======================================================================
Running CatBoost...
Accuracy=0.9701 | F1=0.9701 | Log loss=0.0909 | Time=1.61s
Running RealMLP-TD...
GPU available: True (cuda), used: True
TPU available: False, using: 0 TPU cores
💡 Tip: For seamless cloud logging and experiment tracking, try installing [litlogger](https://pypi.org/project/litlogger/) to enable LitLogger, which logs metrics and artifacts automatically to the Lightning Experiments platform.
LOCAL_RANK: 0 - CUDA_VISIBLE_DEVICES: [0,1,2,3,4,5,6,7]
`Trainer.fit` stopped: `max_epochs=256` reached.
GPU available: True (cuda), used: True
TPU available: False, using: 0 TPU cores
💡 Tip: For seamless cloud logging and experiment tracking, try installing [litlogger](https://pypi.org/project/litlogger/) to enable LitLogger, which logs metrics and artifacts automatically to the Lightning Experiments platform.
LOCAL_RANK: 0 - CUDA_VISIBLE_DEVICES: [0,1,2,3,4,5,6,7]
GPU available: True (cuda), used: True
TPU available: False, using: 0 TPU cores
💡 Tip: For seamless cloud logging and experiment tracking, try installing [litlogger](https://pypi.org/project/litlogger/) to enable LitLogger, which logs metrics and artifacts automatically to the Lightning Experiments platform.
LOCAL_RANK: 0 - CUDA_VISIBLE_DEVICES: [0,1,2,3,4,5,6,7]
Accuracy=0.9701 | F1=0.9701 | Log loss=0.1103 | Time=15.39s
Running TabPFN-v2...
Accuracy=0.9701 | F1=0.9701 | Log loss=0.0831 | Time=3.66s
Running TabPFN-v3...
Accuracy=0.9701 | F1=0.9701 | Log loss=0.0847 | Time=3.55s
Running TabICL-v2...
Accuracy=0.9751 | F1=0.9751 | Log loss=0.0777 | Time=1.60s

Benchmark finished.
CSV: results/kate_datasets_results.csv
Plot: results/kate_datasets_accuracy.png
