Preparing 164 people × 473,034 CpGs
Parsed 50,000/473,034 CpGs
Parsed 100,000/473,034 CpGs
Parsed 150,000/473,034 CpGs
Parsed 200,000/473,034 CpGs
Parsed 250,000/473,034 CpGs
Parsed 300,000/473,034 CpGs
Parsed 350,000/473,034 CpGs
Parsed 400,000/473,034 CpGs
Parsed 450,000/473,034 CpGs
{
  "accession": "GSE40279",
  "source": "https://ftp.ncbi.nlm.nih.gov/geo/series/GSE40nnn/GSE40279/suppl/GSE40279_average_beta_GSM989827-GSM989990.txt.gz",
  "n_samples": 164,
  "n_cpgs": 473034,
  "age_min": 28.0,
  "age_max": 101.0,
  "matrix_shape": [
    164,
    473034
  ],
  "matrix_dtype": "float32"
}
TabPFN device: mps | TabICL device: cpu
features=100 repeat=0 fold=0 model=tabpfn_v2_5 OK r2=0.7680 mae=5.25
features=100 repeat=0 fold=0 model=tabpfn_v3 OK r2=0.7491 mae=5.24
features=100 repeat=0 fold=0 model=tabicl_v2 OK r2=0.7457 mae=5.21
features=200 repeat=0 fold=0 model=tabpfn_v2_5 OK r2=0.8423 mae=4.27
features=200 repeat=0 fold=0 model=tabpfn_v3 OK r2=0.8125 mae=4.83
features=200 repeat=0 fold=0 model=tabicl_v2 OK r2=0.7922 mae=4.91
Done. Results written to results/gse40279_pilot.csv
Classical models only
features=100 repeat=0 fold=0 model=xgboost OK r2=0.7796 mae=5.07
features=100 repeat=0 fold=0 model=ridge OK r2=0.6462 mae=6.21
features=200 repeat=0 fold=0 model=xgboost OK r2=0.7173 mae=5.78
features=200 repeat=0 fold=0 model=ridge OK r2=0.7576 mae=5.25
Done. Results written to results/gse40279_pilot.csv
